[36mvite v7.2.7 [32mbuilding client environment for production...[36m[39m
transforming...
[32mÔ£ô[39m 158 modules transformed.
node.exe : [31mÔ£ù[39m Build 
failed in 2.47s
At C:\Program 
Files\nodejs\npx.ps1:29 char:3
+   & $NODE_EXE $NPX_CLI_JS 
$args
+   
~~~~~~~~~~~~~~~~~~~~~~~~~~~~~
    + CategoryInfo          : N 
   otSpecified: ([31mÔ£ù[39m  
   Build failed in 2.47s:Stri   
 ng) [], RemoteException
    + FullyQualifiedErrorId : N 
   ativeCommandError
 
[31merror during build:
[31mCould not resolve "../../se
rvices/notificariService" from "
src/components/NotificationDropd
own.jsx"[31m
file: [36mC:/Users/Aneliss/OneD
rive/Desktop/kinetocare/frontend
/src/components/NotificationDrop
down.jsx[31m
    at getRollupError (file:///C
:/Users/Aneliss/OneDrive/Desktop
/kinetocare/frontend/node_module
s/rollup/dist/es/shared/parseAst
.js:401:41)
    at error (file:///C:/Users/A
neliss/OneDrive/Desktop/kinetoca
re/frontend/node_modules/rollup/
dist/es/shared/parseAst.js:397:4
2)
    at ModuleLoader.handleInvali
dResolvedId (file:///C:/Users/An
eliss/OneDrive/Desktop/kinetocar
e/frontend/node_modules/rollup/d
ist/es/shared/node-entry.js:2156
5:24)
    at file:///C:/Users/Aneliss/
OneDrive/Desktop/kinetocare/fron
tend/node_modules/rollup/dist/es
/shared/node-entry.js:21525:26[
39m
